{"type": "silent_node_anomaly", "severity": "CRITICAL", "device": "node-6-overflow", "timestamp": 1785774358.0, "property": "P3.5", "method": "rtlola_time_triggered", "metadata": {"msg": "silent_node_anomaly: node-6-overflow", "overflow_event_timestamp": 1785774353.0, "rtlola_detection_latency_ms": 5003.053188323975}}
{"type": "silent_node_anomaly", "severity": "CRITICAL", "device": "node-12-mixed", "timestamp": 1785774365.0, "property": "P3.5", "method": "rtlola_time_triggered", "metadata": {"msg": "silent_node_anomaly: node-12-mixed", "overflow_event_timestamp": 1785774360.0, "rtlola_detection_latency_ms": 5004.596948623657}}
{"type": "apt_indicator", "severity": "CRITICAL", "device": "node-12-mixed", "timestamp": 1785774373, "property": "P3.1", "method": "monpoly_online"}
{"type": "escalation_pattern", "severity": "HIGH", "device": "node-12-mixed", "timestamp": 1785774373, "property": "P3.3", "method": "monpoly_online"}
{"type": "apt_indicator", "severity": "CRITICAL", "device": "node-15-mixed", "timestamp": 1785774379, "property": "P3.1", "method": "monpoly_online"}
{"type": "coordinated_attack", "severity": "CRITICAL", "device_count": 3, "contributing_devices": ["node-12-mixed", "node-15-mixed", "node-6-overflow"], "timestamp": 1785774379, "property": "P3.2", "method": "monpoly_online"}
{"type": "escalation_pattern", "severity": "HIGH", "device": "node-15-mixed", "timestamp": 1785774379, "property": "P3.3", "method": "monpoly_online"}
{"type": "silent_node_anomaly", "severity": "CRITICAL", "device": "node-6-overflow", "timestamp": 1785774386.0, "property": "P3.5", "method": "rtlola_time_triggered", "metadata": {"msg": "silent_node_anomaly: node-6-overflow", "overflow_event_timestamp": 1785774381.0, "rtlola_detection_latency_ms": 5005.228281021118}}
{"type": "coordinated_attack", "severity": "CRITICAL", "device_count": 3, "contributing_devices": ["node-12-mixed", "node-15-mixed", "node-6-overflow"], "timestamp": 1785774390, "property": "P3.2", "method": "monpoly_online"}
{"type": "silent_node_anomaly", "severity": "CRITICAL", "device": "node-12-mixed", "timestamp": 1785774413.0, "property": "P3.5", "method": "rtlola_time_triggered", "metadata": {"msg": "silent_node_anomaly: node-12-mixed", "overflow_event_timestamp": 1785774408.0, "rtlola_detection_latency_ms": 5004.969358444214}}
{"type": "apt_indicator", "severity": "CRITICAL", "device": "node-13-mixed", "timestamp": 1785774418, "property": "P3.1", "method": "monpoly_online"}
{"type": "escalation_pattern", "severity": "HIGH", "device": "node-13-mixed", "timestamp": 1785774418, "property": "P3.3", "method": "monpoly_online"}
{"type": "apt_indicator", "severity": "CRITICAL", "device": "node-12-mixed", "timestamp": 1785774420, "property": "P3.1", "method": "monpoly_online"}
{"type": "apt_indicator", "severity": "CRITICAL", "device": "node-13-mixed", "timestamp": 1785774420, "property": "P3.1", "method": "monpoly_online"}
{"type": "apt_indicator", "severity": "CRITICAL", "device": "node-15-mixed", "timestamp": 1785774420, "property": "P3.1", "method": "monpoly_online"}
{"type": "coordinated_attack", "severity": "CRITICAL", "device_count": 4, "contributing_devices": ["node-12-mixed", "node-13-mixed", "node-6-overflow", "node-9-stealth"], "timestamp": 1785774420, "property": "P3.2", "method": "monpoly_online"}
{"type": "escalation_pattern", "severity": "HIGH", "device": "node-12-mixed", "timestamp": 1785774420, "property": "P3.3", "method": "monpoly_online"}
{"type": "escalation_pattern", "severity": "HIGH", "device": "node-13-mixed", "timestamp": 1785774420, "property": "P3.3", "method": "monpoly_online"}
{"type": "escalation_pattern", "severity": "HIGH", "device": "node-15-mixed", "timestamp": 1785774420, "property": "P3.3", "method": "monpoly_online"}
{"type": "silent_node_anomaly", "severity": "CRITICAL", "device": "node-6-overflow", "timestamp": 1785774419.0, "property": "P3.5", "method": "rtlola_time_triggered", "metadata": {"msg": "silent_node_anomaly: node-6-overflow", "overflow_event_timestamp": 1785774414.0, "rtlola_detection_latency_ms": 5000.779628753662}}
{"type": "apt_indicator", "severity": "CRITICAL", "device": "node-14-mixed", "timestamp": 1785774445, "property": "P3.1", "method": "monpoly_online"}
{"type": "escalation_pattern", "severity": "HIGH", "device": "node-14-mixed", "timestamp": 1785774445, "property": "P3.3", "method": "monpoly_online"}
{"type": "coordinated_attack", "severity": "CRITICAL", "device_count": 4, "contributing_devices": ["node-12-mixed", "node-14-mixed", "node-15-mixed", "node-6-overflow"], "timestamp": 1785774450, "property": "P3.2", "method": "monpoly_online"}
{"type": "silent_node_anomaly", "severity": "CRITICAL", "device": "node-6-overflow", "timestamp": 1785774452.0, "property": "P3.5", "method": "rtlola_time_triggered", "metadata": {"msg": "silent_node_anomaly: node-6-overflow", "overflow_event_timestamp": 1785774447.0, "rtlola_detection_latency_ms": 5005.149602890015}}
{"type": "silent_node_anomaly", "severity": "CRITICAL", "device": "node-12-mixed", "timestamp": 1785774452.0, "property": "P3.5", "method": "rtlola_time_triggered", "metadata": {"msg": "silent_node_anomaly: node-12-mixed", "overflow_event_timestamp": 1785774447.0, "rtlola_detection_latency_ms": 5004.578351974487}}
{"type": "silent_node_anomaly", "severity": "CRITICAL", "device": "node-15-mixed", "timestamp": 1785774472.0, "property": "P3.5", "method": "rtlola_time_triggered", "metadata": {"msg": "silent_node_anomaly: node-15-mixed", "overflow_event_timestamp": 1785774467.0, "rtlola_detection_latency_ms": 5003.111124038696}}
{"type": "apt_indicator", "severity": "CRITICAL", "device": "node-12-mixed", "timestamp": 1785774480, "property": "P3.1", "method": "monpoly_online"}
{"type": "apt_indicator", "severity": "CRITICAL", "device": "node-14-mixed", "timestamp": 1785774480, "property": "P3.1", "method": "monpoly_online"}
{"type": "apt_indicator", "severity": "CRITICAL", "device": "node-15-mixed", "timestamp": 1785774480, "property": "P3.1", "method": "monpoly_online"}
{"type": "coordinated_attack", "severity": "CRITICAL", "device_count": 4, "contributing_devices": ["node-12-mixed", "node-14-mixed", "node-15-mixed", "node-6-overflow"], "timestamp": 1785774480, "property": "P3.2", "method": "monpoly_online"}
{"type": "escalation_pattern", "severity": "HIGH", "device": "node-12-mixed", "timestamp": 1785774480, "property": "P3.3", "method": "monpoly_online"}
{"type": "escalation_pattern", "severity": "HIGH", "device": "node-14-mixed", "timestamp": 1785774480, "property": "P3.3", "method": "monpoly_online"}
{"type": "escalation_pattern", "severity": "HIGH", "device": "node-15-mixed", "timestamp": 1785774480, "property": "P3.3", "method": "monpoly_online"}
{"type": "persistent_threat", "severity": "HIGH", "device": "node-6-overflow", "count": 5, "timestamp": 1785774479, "property": "P3.4", "method": "monpoly_online"}
{"type": "silent_node_anomaly", "severity": "CRITICAL", "device": "node-6-overflow", "timestamp": 1785774484.0, "property": "P3.5", "method": "rtlola_time_triggered", "metadata": {"msg": "silent_node_anomaly: node-6-overflow", "overflow_event_timestamp": 1785774479.0, "rtlola_detection_latency_ms": 5005.558013916016}}
{"type": "silent_node_anomaly", "severity": "CRITICAL", "device": "node-15-mixed", "timestamp": 1785774489.0, "property": "P3.5", "method": "rtlola_time_triggered", "metadata": {"msg": "silent_node_anomaly: node-15-mixed", "overflow_event_timestamp": 1785774484.0, "rtlola_detection_latency_ms": 5003.843545913696}}
{"type": "apt_indicator", "severity": "CRITICAL", "device": "node-13-mixed", "timestamp": 1785774492, "property": "P3.1", "method": "monpoly_online"}
{"type": "escalation_pattern", "severity": "HIGH", "device": "node-13-mixed", "timestamp": 1785774492, "property": "P3.3", "method": "monpoly_online"}
{"type": "persistent_threat", "severity": "HIGH", "device": "node-12-mixed", "count": 5, "timestamp": 1785774494, "property": "P3.4", "method": "monpoly_online"}
{"type": "coordinated_attack", "severity": "CRITICAL", "device_count": 3, "contributing_devices": ["node-12-mixed", "node-13-mixed", "node-15-mixed"], "timestamp": 1785774510, "property": "P3.2", "method": "monpoly_online"}
{"type": "silent_node_anomaly", "severity": "CRITICAL", "device": "node-6-overflow", "timestamp": 1785774518.0, "property": "P3.5", "method": "rtlola_time_triggered", "metadata": {"msg": "silent_node_anomaly: node-6-overflow", "overflow_event_timestamp": 1785774513.0, "rtlola_detection_latency_ms": 5006.8628787994385}}
{"type": "persistent_threat", "severity": "HIGH", "device": "node-15-mixed", "count": 5, "timestamp": 1785774525, "property": "P3.4", "method": "monpoly_online"}
{"type": "apt_indicator", "severity": "CRITICAL", "device": "node-12-mixed", "timestamp": 1785774540, "property": "P3.1", "method": "monpoly_online"}
{"type": "apt_indicator", "severity": "CRITICAL", "device": "node-13-mixed", "timestamp": 1785774540, "property": "P3.1", "method": "monpoly_online"}
{"type": "apt_indicator", "severity": "CRITICAL", "device": "node-14-mixed", "timestamp": 1785774540, "property": "P3.1", "method": "monpoly_online"}
{"type": "apt_indicator", "severity": "CRITICAL", "device": "node-15-mixed", "timestamp": 1785774540, "property": "P3.1", "method": "monpoly_online"}
{"type": "coordinated_attack", "severity": "CRITICAL", "device_count": 4, "contributing_devices": ["node-12-mixed", "node-14-mixed", "node-15-mixed", "node-6-overflow"], "timestamp": 1785774540, "property": "P3.2", "method": "monpoly_online"}
{"type": "escalation_pattern", "severity": "HIGH", "device": "node-12-mixed", "timestamp": 1785774540, "property": "P3.3", "method": "monpoly_online"}
{"type": "escalation_pattern", "severity": "HIGH", "device": "node-13-mixed", "timestamp": 1785774540, "property": "P3.3", "method": "monpoly_online"}
{"type": "escalation_pattern", "severity": "HIGH", "device": "node-14-mixed", "timestamp": 1785774540, "property": "P3.3", "method": "monpoly_online"}
{"type": "escalation_pattern", "severity": "HIGH", "device": "node-15-mixed", "timestamp": 1785774540, "property": "P3.3", "method": "monpoly_online"}
{"type": "silent_node_anomaly", "severity": "CRITICAL", "device": "node-15-mixed", "timestamp": 1785774563.0, "property": "P3.5", "method": "rtlola_time_triggered", "metadata": {"msg": "silent_node_anomaly: node-15-mixed", "overflow_event_timestamp": 1785774558.0, "rtlola_detection_latency_ms": 5007.311105728149}}
{"type": "coordinated_attack", "severity": "CRITICAL", "device_count": 3, "contributing_devices": ["node-13-mixed", "node-15-mixed", "node-6-overflow"], "timestamp": 1785774570, "property": "P3.2", "method": "monpoly_online"}
{"type": "silent_node_anomaly", "severity": "CRITICAL", "device": "node-6-overflow", "timestamp": 1785774571.0, "property": "P3.5", "method": "rtlola_time_triggered", "metadata": {"msg": "silent_node_anomaly: node-6-overflow", "overflow_event_timestamp": 1785774566.0, "rtlola_detection_latency_ms": 5006.349086761475}}
{"type": "silent_node_anomaly", "severity": "CRITICAL", "device": "node-12-mixed", "timestamp": 1785774581.0, "property": "P3.5", "method": "rtlola_time_triggered", "metadata": {"msg": "silent_node_anomaly: node-12-mixed", "overflow_event_timestamp": 1785774576.0, "rtlola_detection_latency_ms": 5002.187490463257}}
{"type": "persistent_threat", "severity": "HIGH", "device": "node-13-mixed", "count": 5, "timestamp": 1785774591, "property": "P3.4", "method": "monpoly_online"}
{"type": "silent_node_anomaly", "severity": "CRITICAL", "device": "node-6-overflow", "timestamp": 1785774595.0, "property": "P3.5", "method": "rtlola_time_triggered", "metadata": {"msg": "silent_node_anomaly: node-6-overflow", "overflow_event_timestamp": 1785774590.0, "rtlola_detection_latency_ms": 5005.586385726929}}
{"type": "apt_indicator", "severity": "CRITICAL", "device": "node-12-mixed", "timestamp": 1785774600, "property": "P3.1", "method": "monpoly_online"}
{"type": "apt_indicator", "severity": "CRITICAL", "device": "node-13-mixed", "timestamp": 1785774600, "property": "P3.1", "method": "monpoly_online"}
{"type": "apt_indicator", "severity": "CRITICAL", "device": "node-15-mixed", "timestamp": 1785774600, "property": "P3.1", "method": "monpoly_online"}
{"type": "coordinated_attack", "severity": "CRITICAL", "device_count": 4, "contributing_devices": ["node-12-mixed", "node-13-mixed", "node-15-mixed", "node-6-overflow"], "timestamp": 1785774600, "property": "P3.2", "method": "monpoly_online"}
{"type": "escalation_pattern", "severity": "HIGH", "device": "node-12-mixed", "timestamp": 1785774600, "property": "P3.3", "method": "monpoly_online"}
{"type": "escalation_pattern", "severity": "HIGH", "device": "node-13-mixed", "timestamp": 1785774600, "property": "P3.3", "method": "monpoly_online"}
{"type": "escalation_pattern", "severity": "HIGH", "device": "node-15-mixed", "timestamp": 1785774600, "property": "P3.3", "method": "monpoly_online"}
{"type": "apt_indicator", "severity": "CRITICAL", "device": "node-14-mixed", "timestamp": 1785774602, "property": "P3.1", "method": "monpoly_online"}
{"type": "escalation_pattern", "severity": "HIGH", "device": "node-14-mixed", "timestamp": 1785774602, "property": "P3.3", "method": "monpoly_online"}
{"type": "silent_node_anomaly", "severity": "CRITICAL", "device": "node-6-overflow", "timestamp": 1785774619.0, "property": "P3.5", "method": "rtlola_time_triggered", "metadata": {"msg": "silent_node_anomaly: node-6-overflow", "overflow_event_timestamp": 1785774614.0, "rtlola_detection_latency_ms": 5006.66356086731}}
{"type": "coordinated_attack", "severity": "CRITICAL", "device_count": 4, "contributing_devices": ["node-12-mixed", "node-14-mixed", "node-15-mixed", "node-6-overflow"], "timestamp": 1785774630, "property": "P3.2", "method": "monpoly_online"}
{"type": "silent_node_anomaly", "severity": "CRITICAL", "device": "node-15-mixed", "timestamp": 1785774631.0, "property": "P3.5", "method": "rtlola_time_triggered", "metadata": {"msg": "silent_node_anomaly: node-15-mixed", "overflow_event_timestamp": 1785774626.0, "rtlola_detection_latency_ms": 5003.913640975952}}
{"type": "silent_node_anomaly", "severity": "CRITICAL", "device": "node-12-mixed", "timestamp": 1785774633.0, "property": "P3.5", "method": "rtlola_time_triggered", "metadata": {"msg": "silent_node_anomaly: node-12-mixed", "overflow_event_timestamp": 1785774628.0, "rtlola_detection_latency_ms": 5004.424571990967}}
{"type": "silent_node_anomaly", "severity": "CRITICAL", "device": "node-6-overflow", "timestamp": 1785774650.0, "property": "P3.5", "method": "rtlola_time_triggered", "metadata": {"msg": "silent_node_anomaly: node-6-overflow", "overflow_event_timestamp": 1785774645.0, "rtlola_detection_latency_ms": 5001.728534698486}}
{"type": "persistent_threat", "severity": "HIGH", "device": "node-14-mixed", "count": 5, "timestamp": 1785774653, "property": "P3.4", "method": "monpoly_online"}
{"type": "apt_indicator", "severity": "CRITICAL", "device": "node-12-mixed", "timestamp": 1785774660, "property": "P3.1", "method": "monpoly_online"}
{"type": "apt_indicator", "severity": "CRITICAL", "device": "node-14-mixed", "timestamp": 1785774660, "property": "P3.1", "method": "monpoly_online"}
{"type": "apt_indicator", "severity": "CRITICAL", "device": "node-15-mixed", "timestamp": 1785774660, "property": "P3.1", "method": "monpoly_online"}
{"type": "coordinated_attack", "severity": "CRITICAL", "device_count": 3, "contributing_devices": ["node-12-mixed", "node-14-mixed", "node-6-overflow"], "timestamp": 1785774660, "property": "P3.2", "method": "monpoly_online"}
{"type": "escalation_pattern", "severity": "HIGH", "device": "node-12-mixed", "timestamp": 1785774660, "property": "P3.3", "method": "monpoly_online"}
{"type": "escalation_pattern", "severity": "HIGH", "device": "node-14-mixed", "timestamp": 1785774660, "property": "P3.3", "method": "monpoly_online"}
{"type": "escalation_pattern", "severity": "HIGH", "device": "node-15-mixed", "timestamp": 1785774660, "property": "P3.3", "method": "monpoly_online"}
{"type": "apt_indicator", "severity": "CRITICAL", "device": "node-13-mixed", "timestamp": 1785774661, "property": "P3.1", "method": "monpoly_online"}
{"type": "escalation_pattern", "severity": "HIGH", "device": "node-13-mixed", "timestamp": 1785774661, "property": "P3.3", "method": "monpoly_online"}
{"type": "silent_node_anomaly", "severity": "CRITICAL", "device": "node-15-mixed", "timestamp": 1785774684.0, "property": "P3.5", "method": "rtlola_time_triggered", "metadata": {"msg": "silent_node_anomaly: node-15-mixed", "overflow_event_timestamp": 1785774679.0, "rtlola_detection_latency_ms": 5002.3345947265625}}
{"type": "coordinated_attack", "severity": "CRITICAL", "device_count": 4, "contributing_devices": ["node-13-mixed", "node-15-mixed", "node-6-overflow", "node-9-stealth"], "timestamp": 1785774690, "property": "P3.2", "method": "monpoly_online"}
{"type": "silent_node_anomaly", "severity": "CRITICAL", "device": "node-6-overflow", "timestamp": 1785774691.0, "property": "P3.5", "method": "rtlola_time_triggered", "metadata": {"msg": "silent_node_anomaly: node-6-overflow", "overflow_event_timestamp": 1785774686.0, "rtlola_detection_latency_ms": 5011.698484420776}}
{"type": "silent_node_anomaly", "severity": "CRITICAL", "device": "node-13-mixed", "timestamp": 1785774705.0, "property": "P3.5", "method": "rtlola_time_triggered", "metadata": {"msg": "silent_node_anomaly: node-13-mixed", "overflow_event_timestamp": 1785774700.0, "rtlola_detection_latency_ms": 5006.986379623413}}
{"type": "escalation_pattern", "severity": "HIGH", "device": "node-13-mixed", "timestamp": 1785774720, "property": "P3.3", "method": "monpoly_online"}
{"type": "escalation_pattern", "severity": "HIGH", "device": "node-14-mixed", "timestamp": 1785774720, "property": "P3.3", "method": "monpoly_online"}
{"type": "escalation_pattern", "severity": "HIGH", "device": "node-15-mixed", "timestamp": 1785774720, "property": "P3.3", "method": "monpoly_online"}
{"type": "apt_indicator", "severity": "CRITICAL", "device": "node-13-mixed", "timestamp": 1785774720, "property": "P3.1", "method": "monpoly_online"}
{"type": "apt_indicator", "severity": "CRITICAL", "device": "node-14-mixed", "timestamp": 1785774720, "property": "P3.1", "method": "monpoly_online"}
{"type": "apt_indicator", "severity": "CRITICAL", "device": "node-15-mixed", "timestamp": 1785774720, "property": "P3.1", "method": "monpoly_online"}
{"type": "coordinated_attack", "severity": "CRITICAL", "device_count": 3, "contributing_devices": ["node-13-mixed", "node-14-mixed", "node-6-overflow"], "timestamp": 1785774722, "property": "P3.2", "method": "monpoly_online"}
{"type": "apt_indicator", "severity": "CRITICAL", "device": "node-12-mixed", "timestamp": 1785774726, "property": "P3.1", "method": "monpoly_online"}
{"type": "escalation_pattern", "severity": "HIGH", "device": "node-12-mixed", "timestamp": 1785774726, "property": "P3.3", "method": "monpoly_online"}
{"type": "silent_node_anomaly", "severity": "CRITICAL", "device": "node-6-overflow", "timestamp": 1785774727.0, "property": "P3.5", "method": "rtlola_time_triggered", "metadata": {"msg": "silent_node_anomaly: node-6-overflow", "overflow_event_timestamp": 1785774722.0, "rtlola_detection_latency_ms": 5008.231401443481}}
{"type": "coordinated_attack", "severity": "CRITICAL", "device_count": 5, "contributing_devices": ["node-12-mixed", "node-13-mixed", "node-14-mixed", "node-6-overflow", "node-9-stealth"], "timestamp": 1785774750, "property": "P3.2", "method": "monpoly_online"}
{"type": "silent_node_anomaly", "severity": "CRITICAL", "device": "node-6-overflow", "timestamp": 1785774754.0, "property": "P3.5", "method": "rtlola_time_triggered", "metadata": {"msg": "silent_node_anomaly: node-6-overflow", "overflow_event_timestamp": 1785774749.0, "rtlola_detection_latency_ms": 5003.241777420044}}
{"type": "silent_node_anomaly", "severity": "CRITICAL", "device": "node-6-overflow", "timestamp": 1785774775.0, "property": "P3.5", "method": "rtlola_time_triggered", "metadata": {"msg": "silent_node_anomaly: node-6-overflow", "overflow_event_timestamp": 1785774770.0, "rtlola_detection_latency_ms": 5003.74698638916}}
{"type": "apt_indicator", "severity": "CRITICAL", "device": "node-12-mixed", "timestamp": 1785774780, "property": "P3.1", "method": "monpoly_online"}
{"type": "apt_indicator", "severity": "CRITICAL", "device": "node-13-mixed", "timestamp": 1785774780, "property": "P3.1", "method": "monpoly_online"}
{"type": "apt_indicator", "severity": "CRITICAL", "device": "node-14-mixed", "timestamp": 1785774780, "property": "P3.1", "method": "monpoly_online"}
{"type": "escalation_pattern", "severity": "HIGH", "device": "node-12-mixed", "timestamp": 1785774780, "property": "P3.3", "method": "monpoly_online"}
{"type": "escalation_pattern", "severity": "HIGH", "device": "node-13-mixed", "timestamp": 1785774780, "property": "P3.3", "method": "monpoly_online"}
{"type": "escalation_pattern", "severity": "HIGH", "device": "node-14-mixed", "timestamp": 1785774780, "property": "P3.3", "method": "monpoly_online"}
{"type": "coordinated_attack", "severity": "CRITICAL", "device_count": 3, "contributing_devices": ["node-12-mixed", "node-14-mixed", "node-6-overflow"], "timestamp": 1785774783, "property": "P3.2", "method": "monpoly_online"}
{"type": "coordinated_attack", "severity": "CRITICAL", "device_count": 4, "contributing_devices": ["node-12-mixed", "node-13-mixed", "node-14-mixed", "node-6-overflow"], "timestamp": 1785774810, "property": "P3.2", "method": "monpoly_online"}
{"type": "silent_node_anomaly", "severity": "CRITICAL", "device": "node-14-mixed", "timestamp": 1785774811.0, "property": "P3.5", "method": "rtlola_time_triggered", "metadata": {"msg": "silent_node_anomaly: node-14-mixed", "overflow_event_timestamp": 1785774806.0, "rtlola_detection_latency_ms": 5006.154775619507}}
{"type": "apt_indicator", "severity": "CRITICAL", "device": "node-15-mixed", "timestamp": 1785774815, "property": "P3.1", "method": "monpoly_online"}
{"type": "escalation_pattern", "severity": "HIGH", "device": "node-15-mixed", "timestamp": 1785774815, "property": "P3.3", "method": "monpoly_online"}
{"type": "silent_node_anomaly", "severity": "CRITICAL", "device": "node-12-mixed", "timestamp": 1785774831.0, "property": "P3.5", "method": "rtlola_time_triggered", "metadata": {"msg": "silent_node_anomaly: node-12-mixed", "overflow_event_timestamp": 1785774826.0, "rtlola_detection_latency_ms": 5003.796100616455}}
{"type": "silent_node_anomaly", "severity": "CRITICAL", "device": "node-14-mixed", "timestamp": 1785774831.0, "property": "P3.5", "method": "rtlola_time_triggered", "metadata": {"msg": "silent_node_anomaly: node-14-mixed", "overflow_event_timestamp": 1785774826.0, "rtlola_detection_latency_ms": 5003.289222717285}}
{"type": "silent_node_anomaly", "severity": "CRITICAL", "device": "node-6-overflow", "timestamp": 1785774833.0, "property": "P3.5", "method": "rtlola_time_triggered", "metadata": {"msg": "silent_node_anomaly: node-6-overflow", "overflow_event_timestamp": 1785774828.0, "rtlola_detection_latency_ms": 5007.283926010132}}
{"type": "apt_indicator", "severity": "CRITICAL", "device": "node-12-mixed", "timestamp": 1785774840, "property": "P3.1", "method": "monpoly_online"}
{"type": "apt_indicator", "severity": "CRITICAL", "device": "node-13-mixed", "timestamp": 1785774840, "property": "P3.1", "method": "monpoly_online"}
{"type": "apt_indicator", "severity": "CRITICAL", "device": "node-14-mixed", "timestamp": 1785774840, "property": "P3.1", "method": "monpoly_online"}
{"type": "apt_indicator", "severity": "CRITICAL", "device": "node-15-mixed", "timestamp": 1785774840, "property": "P3.1", "method": "monpoly_online"}
{"type": "coordinated_attack", "severity": "CRITICAL", "device_count": 4, "contributing_devices": ["node-12-mixed", "node-14-mixed", "node-15-mixed", "node-6-overflow"], "timestamp": 1785774840, "property": "P3.2", "method": "monpoly_online"}
{"type": "escalation_pattern", "severity": "HIGH", "device": "node-12-mixed", "timestamp": 1785774840, "property": "P3.3", "method": "monpoly_online"}
{"type": "escalation_pattern", "severity": "HIGH", "device": "node-13-mixed", "timestamp": 1785774840, "property": "P3.3", "method": "monpoly_online"}
{"type": "escalation_pattern", "severity": "HIGH", "device": "node-14-mixed", "timestamp": 1785774840, "property": "P3.3", "method": "monpoly_online"}
{"type": "escalation_pattern", "severity": "HIGH", "device": "node-15-mixed", "timestamp": 1785774840, "property": "P3.3", "method": "monpoly_online"}
{"type": "silent_node_anomaly", "severity": "CRITICAL", "device": "node-14-mixed", "timestamp": 1785774844.0, "property": "P3.5", "method": "rtlola_time_triggered", "metadata": {"msg": "silent_node_anomaly: node-14-mixed", "overflow_event_timestamp": 1785774839.0, "rtlola_detection_latency_ms": 5006.728410720825}}
{"type": "silent_node_anomaly", "severity": "CRITICAL", "device": "node-6-overflow", "timestamp": 1785774852.0, "property": "P3.5", "method": "rtlola_time_triggered", "metadata": {"msg": "silent_node_anomaly: node-6-overflow", "overflow_event_timestamp": 1785774847.0, "rtlola_detection_latency_ms": 5001.700401306152}}
{"type": "silent_node_anomaly", "severity": "CRITICAL", "device": "node-6-overflow", "timestamp": 1785774868.0, "property": "P3.5", "method": "rtlola_time_triggered", "metadata": {"msg": "silent_node_anomaly: node-6-overflow", "overflow_event_timestamp": 1785774863.0, "rtlola_detection_latency_ms": 5004.266977310181}}
{"type": "coordinated_attack", "severity": "CRITICAL", "device_count": 5, "contributing_devices": ["node-12-mixed", "node-13-mixed", "node-14-mixed", "node-15-mixed", "node-6-overflow"], "timestamp": 1785774870, "property": "P3.2", "method": "monpoly_online"}
{"type": "silent_node_anomaly", "severity": "CRITICAL", "device": "node-6-overflow", "timestamp": 1785774890.0, "property": "P3.5", "method": "rtlola_time_triggered", "metadata": {"msg": "silent_node_anomaly: node-6-overflow", "overflow_event_timestamp": 1785774885.0, "rtlola_detection_latency_ms": 5007.13324546814}}
{"type": "apt_indicator", "severity": "CRITICAL", "device": "node-12-mixed", "timestamp": 1785774900, "property": "P3.1", "method": "monpoly_online"}
{"type": "apt_indicator", "severity": "CRITICAL", "device": "node-13-mixed", "timestamp": 1785774900, "property": "P3.1", "method": "monpoly_online"}
{"type": "apt_indicator", "severity": "CRITICAL", "device": "node-14-mixed", "timestamp": 1785774900, "property": "P3.1", "method": "monpoly_online"}
{"type": "apt_indicator", "severity": "CRITICAL", "device": "node-15-mixed", "timestamp": 1785774900, "property": "P3.1", "method": "monpoly_online"}
{"type": "coordinated_attack", "severity": "CRITICAL", "device_count": 3, "contributing_devices": ["node-12-mixed", "node-14-mixed", "node-15-mixed"], "timestamp": 1785774900, "property": "P3.2", "method": "monpoly_online"}
{"type": "escalation_pattern", "severity": "HIGH", "device": "node-12-mixed", "timestamp": 1785774900, "property": "P3.3", "method": "monpoly_online"}
{"type": "escalation_pattern", "severity": "HIGH", "device": "node-13-mixed", "timestamp": 1785774900, "property": "P3.3", "method": "monpoly_online"}
{"type": "escalation_pattern", "severity": "HIGH", "device": "node-14-mixed", "timestamp": 1785774900, "property": "P3.3", "method": "monpoly_online"}
{"type": "escalation_pattern", "severity": "HIGH", "device": "node-15-mixed", "timestamp": 1785774900, "property": "P3.3", "method": "monpoly_online"}
{"type": "silent_node_anomaly", "severity": "CRITICAL", "device": "node-14-mixed", "timestamp": 1785774910.0, "property": "P3.5", "method": "rtlola_time_triggered", "metadata": {"msg": "silent_node_anomaly: node-14-mixed", "overflow_event_timestamp": 1785774905.0, "rtlola_detection_latency_ms": 5006.012439727783}}
{"type": "silent_node_anomaly", "severity": "CRITICAL", "device": "node-6-overflow", "timestamp": 1785774915.0, "property": "P3.5", "method": "rtlola_time_triggered", "metadata": {"msg": "silent_node_anomaly: node-6-overflow", "overflow_event_timestamp": 1785774910.0, "rtlola_detection_latency_ms": 5005.366563796997}}
{"type": "coordinated_attack", "severity": "CRITICAL", "device_count": 3, "contributing_devices": ["node-13-mixed", "node-15-mixed", "node-6-overflow"], "timestamp": 1785774930, "property": "P3.2", "method": "monpoly_online"}
