{"type": "apt_indicator", "severity": "CRITICAL", "device": "node-10-fuzzer", "timestamp": 1779120973, "property": "P3.1", "method": "monpoly_online"}
{"type": "escalation_pattern", "severity": "HIGH", "device": "node-13-mixed", "timestamp": 1779120987, "property": "P3.3", "method": "monpoly_online"}
{"type": "coordinated_attack", "severity": "CRITICAL", "device_count": 3, "timestamp": 1779120987, "property": "P3.2", "method": "monpoly_online"}
{"type": "coordinated_attack", "severity": "CRITICAL", "device_count": 3, "timestamp": 1779120990, "property": "P3.2", "method": "monpoly_online"}
{"type": "escalation_pattern", "severity": "HIGH", "device": "node-12-mixed", "timestamp": 1779120995, "property": "P3.3", "method": "monpoly_online"}
{"type": "apt_indicator", "severity": "CRITICAL", "device": "node-10-fuzzer", "timestamp": 1779121020, "property": "P3.1", "method": "monpoly_online"}
{"type": "coordinated_attack", "severity": "CRITICAL", "device_count": 5, "timestamp": 1779121020, "property": "P3.2", "method": "monpoly_online"}
{"type": "escalation_pattern", "severity": "HIGH", "device": "node-12-mixed", "timestamp": 1779121020, "property": "P3.3", "method": "monpoly_online"}
{"type": "persistent_threat", "severity": "HIGH", "device": "node-6-overflow", "count": 5, "timestamp": 1779121022, "property": "P3.4", "method": "monpoly_online"}
{"type": "persistent_threat", "severity": "HIGH", "device": "node-10-fuzzer", "count": 5, "timestamp": 1779121035, "property": "P3.4", "method": "monpoly_online"}
{"type": "coordinated_attack", "severity": "CRITICAL", "device_count": 4, "timestamp": 1779121050, "property": "P3.2", "method": "monpoly_online"}
{"type": "escalation_pattern", "severity": "HIGH", "device": "node-14-mixed", "timestamp": 1779121074, "property": "P3.3", "method": "monpoly_online"}
{"type": "escalation_pattern", "severity": "HIGH", "device": "node-13-mixed", "timestamp": 1779121078, "property": "P3.3", "method": "monpoly_online"}
{"type": "apt_indicator", "severity": "CRITICAL", "device": "node-10-fuzzer", "timestamp": 1779121080, "property": "P3.1", "method": "monpoly_online"}
{"type": "coordinated_attack", "severity": "CRITICAL", "device_count": 5, "timestamp": 1779121080, "property": "P3.2", "method": "monpoly_online"}
{"type": "escalation_pattern", "severity": "HIGH", "device": "node-13-mixed", "timestamp": 1779121080, "property": "P3.3", "method": "monpoly_online"}
{"type": "coordinated_attack", "severity": "CRITICAL", "device_count": 5, "timestamp": 1779121110, "property": "P3.2", "method": "monpoly_online"}
{"type": "persistent_threat", "severity": "HIGH", "device": "node-13-mixed", "count": 5, "timestamp": 1779121122, "property": "P3.4", "method": "monpoly_online"}
{"type": "apt_indicator", "severity": "CRITICAL", "device": "node-10-fuzzer", "timestamp": 1779121140, "property": "P3.1", "method": "monpoly_online"}
{"type": "coordinated_attack", "severity": "CRITICAL", "device_count": 4, "timestamp": 1779121140, "property": "P3.2", "method": "monpoly_online"}
{"type": "escalation_pattern", "severity": "HIGH", "device": "node-13-mixed", "timestamp": 1779121140, "property": "P3.3", "method": "monpoly_online"}
{"type": "persistent_threat", "severity": "HIGH", "device": "node-15-mixed", "count": 5, "timestamp": 1779121153, "property": "P3.4", "method": "monpoly_online"}
{"type": "escalation_pattern", "severity": "HIGH", "device": "node-12-mixed", "timestamp": 1779121164, "property": "P3.3", "method": "monpoly_online"}
{"type": "coordinated_attack", "severity": "CRITICAL", "device_count": 7, "timestamp": 1779121170, "property": "P3.2", "method": "monpoly_online"}
{"type": "persistent_threat", "severity": "HIGH", "device": "node-14-mixed", "count": 5, "timestamp": 1779121176, "property": "P3.4", "method": "monpoly_online"}
{"type": "apt_indicator", "severity": "CRITICAL", "device": "node-10-fuzzer", "timestamp": 1779121200, "property": "P3.1", "method": "monpoly_online"}
{"type": "coordinated_attack", "severity": "CRITICAL", "device_count": 5, "timestamp": 1779121200, "property": "P3.2", "method": "monpoly_online"}
{"type": "escalation_pattern", "severity": "HIGH", "device": "node-12-mixed", "timestamp": 1779121200, "property": "P3.3", "method": "monpoly_online"}
{"type": "escalation_pattern", "severity": "HIGH", "device": "node-13-mixed", "timestamp": 1779121215, "property": "P3.3", "method": "monpoly_online"}
{"type": "coordinated_attack", "severity": "CRITICAL", "device_count": 4, "timestamp": 1779121230, "property": "P3.2", "method": "monpoly_online"}
{"type": "persistent_threat", "severity": "HIGH", "device": "node-12-mixed", "count": 5, "timestamp": 1779121243, "property": "P3.4", "method": "monpoly_online"}
{"type": "apt_indicator", "severity": "CRITICAL", "device": "node-10-fuzzer", "timestamp": 1779121260, "property": "P3.1", "method": "monpoly_online"}
{"type": "coordinated_attack", "severity": "CRITICAL", "device_count": 6, "timestamp": 1779121260, "property": "P3.2", "method": "monpoly_online"}
{"type": "escalation_pattern", "severity": "HIGH", "device": "node-12-mixed", "timestamp": 1779121260, "property": "P3.3", "method": "monpoly_online"}
{"type": "coordinated_attack", "severity": "CRITICAL", "device_count": 6, "timestamp": 1779121290, "property": "P3.2", "method": "monpoly_online"}
{"type": "apt_indicator", "severity": "CRITICAL", "device": "node-10-fuzzer", "timestamp": 1779121320, "property": "P3.1", "method": "monpoly_online"}
{"type": "coordinated_attack", "severity": "CRITICAL", "device_count": 6, "timestamp": 1779121320, "property": "P3.2", "method": "monpoly_online"}
{"type": "escalation_pattern", "severity": "HIGH", "device": "node-12-mixed", "timestamp": 1779121320, "property": "P3.3", "method": "monpoly_online"}
{"type": "coordinated_attack", "severity": "CRITICAL", "device_count": 5, "timestamp": 1779121350, "property": "P3.2", "method": "monpoly_online"}
{"type": "apt_indicator", "severity": "CRITICAL", "device": "node-10-fuzzer", "timestamp": 1779121380, "property": "P3.1", "method": "monpoly_online"}
{"type": "coordinated_attack", "severity": "CRITICAL", "device_count": 4, "timestamp": 1779121380, "property": "P3.2", "method": "monpoly_online"}
{"type": "escalation_pattern", "severity": "HIGH", "device": "node-12-mixed", "timestamp": 1779121380, "property": "P3.3", "method": "monpoly_online"}
{"type": "coordinated_attack", "severity": "CRITICAL", "device_count": 5, "timestamp": 1779121410, "property": "P3.2", "method": "monpoly_online"}
{"type": "apt_indicator", "severity": "CRITICAL", "device": "node-10-fuzzer", "timestamp": 1779121440, "property": "P3.1", "method": "monpoly_online"}
{"type": "coordinated_attack", "severity": "CRITICAL", "device_count": 4, "timestamp": 1779121440, "property": "P3.2", "method": "monpoly_online"}
{"type": "escalation_pattern", "severity": "HIGH", "device": "node-12-mixed", "timestamp": 1779121440, "property": "P3.3", "method": "monpoly_online"}
{"type": "persistent_threat", "severity": "HIGH", "device": "node-9-stealth", "count": 5, "timestamp": 1779121466, "property": "P3.4", "method": "monpoly_online"}
{"type": "coordinated_attack", "severity": "CRITICAL", "device_count": 4, "timestamp": 1779121470, "property": "P3.2", "method": "monpoly_online"}
{"type": "apt_indicator", "severity": "CRITICAL", "device": "node-10-fuzzer", "timestamp": 1779121500, "property": "P3.1", "method": "monpoly_online"}
{"type": "coordinated_attack", "severity": "CRITICAL", "device_count": 5, "timestamp": 1779121500, "property": "P3.2", "method": "monpoly_online"}
{"type": "escalation_pattern", "severity": "HIGH", "device": "node-12-mixed", "timestamp": 1779121500, "property": "P3.3", "method": "monpoly_online"}
{"type": "coordinated_attack", "severity": "CRITICAL", "device_count": 6, "timestamp": 1779121530, "property": "P3.2", "method": "monpoly_online"}
{"type": "coordinated_attack", "severity": "CRITICAL", "device_count": 5, "timestamp": 1779121560, "property": "P3.2", "method": "monpoly_online"}
{"type": "apt_indicator", "severity": "CRITICAL", "device": "node-10-fuzzer", "timestamp": 1779121560, "property": "P3.1", "method": "monpoly_online"}
{"type": "escalation_pattern", "severity": "HIGH", "device": "node-12-mixed", "timestamp": 1779121560, "property": "P3.3", "method": "monpoly_online"}
{"type": "coordinated_attack", "severity": "CRITICAL", "device_count": 6, "timestamp": 1779121590, "property": "P3.2", "method": "monpoly_online"}
{"type": "apt_indicator", "severity": "CRITICAL", "device": "node-10-fuzzer", "timestamp": 1779121620, "property": "P3.1", "method": "monpoly_online"}
{"type": "coordinated_attack", "severity": "CRITICAL", "device_count": 4, "timestamp": 1779121620, "property": "P3.2", "method": "monpoly_online"}
{"type": "escalation_pattern", "severity": "HIGH", "device": "node-12-mixed", "timestamp": 1779121620, "property": "P3.3", "method": "monpoly_online"}
{"type": "coordinated_attack", "severity": "CRITICAL", "device_count": 4, "timestamp": 1779121650, "property": "P3.2", "method": "monpoly_online"}
{"type": "apt_indicator", "severity": "CRITICAL", "device": "node-10-fuzzer", "timestamp": 1779121680, "property": "P3.1", "method": "monpoly_online"}
{"type": "coordinated_attack", "severity": "CRITICAL", "device_count": 4, "timestamp": 1779121680, "property": "P3.2", "method": "monpoly_online"}
{"type": "escalation_pattern", "severity": "HIGH", "device": "node-12-mixed", "timestamp": 1779121680, "property": "P3.3", "method": "monpoly_online"}
{"type": "coordinated_attack", "severity": "CRITICAL", "device_count": 5, "timestamp": 1779121710, "property": "P3.2", "method": "monpoly_online"}
{"type": "escalation_pattern", "severity": "HIGH", "device": "node-13-mixed", "timestamp": 1779121731, "property": "P3.3", "method": "monpoly_online"}
{"type": "coordinated_attack", "severity": "CRITICAL", "device_count": 6, "timestamp": 1779121740, "property": "P3.2", "method": "monpoly_online"}
{"type": "escalation_pattern", "severity": "HIGH", "device": "node-12-mixed", "timestamp": 1779121740, "property": "P3.3", "method": "monpoly_online"}
{"type": "apt_indicator", "severity": "CRITICAL", "device": "node-10-fuzzer", "timestamp": 1779121740, "property": "P3.1", "method": "monpoly_online"}
{"type": "coordinated_attack", "severity": "CRITICAL", "device_count": 3, "timestamp": 1779121770, "property": "P3.2", "method": "monpoly_online"}
{"type": "apt_indicator", "severity": "CRITICAL", "device": "node-10-fuzzer", "timestamp": 1779121800, "property": "P3.1", "method": "monpoly_online"}
{"type": "coordinated_attack", "severity": "CRITICAL", "device_count": 5, "timestamp": 1779121800, "property": "P3.2", "method": "monpoly_online"}
{"type": "escalation_pattern", "severity": "HIGH", "device": "node-12-mixed", "timestamp": 1779121800, "property": "P3.3", "method": "monpoly_online"}
{"type": "coordinated_attack", "severity": "CRITICAL", "device_count": 4, "timestamp": 1779121830, "property": "P3.2", "method": "monpoly_online"}
{"type": "escalation_pattern", "severity": "HIGH", "device": "node-13-mixed", "timestamp": 1779121845, "property": "P3.3", "method": "monpoly_online"}
{"type": "apt_indicator", "severity": "CRITICAL", "device": "node-10-fuzzer", "timestamp": 1779121860, "property": "P3.1", "method": "monpoly_online"}
{"type": "coordinated_attack", "severity": "CRITICAL", "device_count": 5, "timestamp": 1779121860, "property": "P3.2", "method": "monpoly_online"}
{"type": "escalation_pattern", "severity": "HIGH", "device": "node-13-mixed", "timestamp": 1779121860, "property": "P3.3", "method": "monpoly_online"}
{"type": "coordinated_attack", "severity": "CRITICAL", "device_count": 6, "timestamp": 1779121890, "property": "P3.2", "method": "monpoly_online"}
{"type": "apt_indicator", "severity": "CRITICAL", "device": "node-10-fuzzer", "timestamp": 1779121921, "property": "P3.1", "method": "monpoly_online"}
{"type": "coordinated_attack", "severity": "CRITICAL", "device_count": 5, "timestamp": 1779121921, "property": "P3.2", "method": "monpoly_online"}
{"type": "escalation_pattern", "severity": "HIGH", "device": "node-13-mixed", "timestamp": 1779121921, "property": "P3.3", "method": "monpoly_online"}
{"type": "coordinated_attack", "severity": "CRITICAL", "device_count": 3, "timestamp": 1779121950, "property": "P3.2", "method": "monpoly_online"}
{"type": "apt_indicator", "severity": "CRITICAL", "device": "node-10-fuzzer", "timestamp": 1779121980, "property": "P3.1", "method": "monpoly_online"}
{"type": "coordinated_attack", "severity": "CRITICAL", "device_count": 4, "timestamp": 1779121980, "property": "P3.2", "method": "monpoly_online"}
{"type": "escalation_pattern", "severity": "HIGH", "device": "node-13-mixed", "timestamp": 1779121980, "property": "P3.3", "method": "monpoly_online"}
{"type": "escalation_pattern", "severity": "HIGH", "device": "node-12-mixed", "timestamp": 1779122002, "property": "P3.3", "method": "monpoly_online"}
{"type": "coordinated_attack", "severity": "CRITICAL", "device_count": 3, "timestamp": 1779122015, "property": "P3.2", "method": "monpoly_online"}
{"type": "apt_indicator", "severity": "CRITICAL", "device": "node-10-fuzzer", "timestamp": 1779122040, "property": "P3.1", "method": "monpoly_online"}
{"type": "coordinated_attack", "severity": "CRITICAL", "device_count": 4, "timestamp": 1779122040, "property": "P3.2", "method": "monpoly_online"}
{"type": "escalation_pattern", "severity": "HIGH", "device": "node-12-mixed", "timestamp": 1779122040, "property": "P3.3", "method": "monpoly_online"}
{"type": "coordinated_attack", "severity": "CRITICAL", "device_count": 5, "timestamp": 1779122070, "property": "P3.2", "method": "monpoly_online"}
{"type": "coordinated_attack", "severity": "CRITICAL", "device_count": 5, "timestamp": 1779122100, "property": "P3.2", "method": "monpoly_online"}
{"type": "apt_indicator", "severity": "CRITICAL", "device": "node-10-fuzzer", "timestamp": 1779122100, "property": "P3.1", "method": "monpoly_online"}
{"type": "escalation_pattern", "severity": "HIGH", "device": "node-12-mixed", "timestamp": 1779122100, "property": "P3.3", "method": "monpoly_online"}
{"type": "coordinated_attack", "severity": "CRITICAL", "device_count": 5, "timestamp": 1779122130, "property": "P3.2", "method": "monpoly_online"}
{"type": "escalation_pattern", "severity": "HIGH", "device": "node-13-mixed", "timestamp": 1779122137, "property": "P3.3", "method": "monpoly_online"}
{"type": "coordinated_attack", "severity": "CRITICAL", "device_count": 6, "timestamp": 1779122160, "property": "P3.2", "method": "monpoly_online"}
{"type": "escalation_pattern", "severity": "HIGH", "device": "node-12-mixed", "timestamp": 1779122160, "property": "P3.3", "method": "monpoly_online"}
{"type": "apt_indicator", "severity": "CRITICAL", "device": "node-10-fuzzer", "timestamp": 1779122160, "property": "P3.1", "method": "monpoly_online"}
