{"type": "apt_indicator", "severity": "CRITICAL", "device": "node-10-fuzzer", "timestamp": 1779139963, "property": "P3.1", "method": "monpoly_online"}
{"type": "coordinated_attack", "severity": "CRITICAL", "device_count": 3, "timestamp": 1779139971, "property": "P3.2", "method": "monpoly_online"}
{"type": "escalation_pattern", "severity": "HIGH", "device": "node-14-mixed", "timestamp": 1779139971, "property": "P3.3", "method": "monpoly_online"}
{"type": "apt_indicator", "severity": "CRITICAL", "device": "node-10-fuzzer", "timestamp": 1779139980, "property": "P3.1", "method": "monpoly_online"}
{"type": "coordinated_attack", "severity": "CRITICAL", "device_count": 3, "timestamp": 1779139980, "property": "P3.2", "method": "monpoly_online"}
{"type": "escalation_pattern", "severity": "HIGH", "device": "node-14-mixed", "timestamp": 1779139980, "property": "P3.3", "method": "monpoly_online"}
{"type": "escalation_pattern", "severity": "HIGH", "device": "node-13-mixed", "timestamp": 1779139996, "property": "P3.3", "method": "monpoly_online"}
{"type": "escalation_pattern", "severity": "HIGH", "device": "node-12-mixed", "timestamp": 1779140007, "property": "P3.3", "method": "monpoly_online"}
{"type": "coordinated_attack", "severity": "CRITICAL", "device_count": 3, "timestamp": 1779140010, "property": "P3.2", "method": "monpoly_online"}
{"type": "persistent_threat", "severity": "HIGH", "device": "node-6-overflow", "timestamp": 1779140028, "property": "P3.4", "method": "monpoly_online"}
{"type": "apt_indicator", "severity": "CRITICAL", "device": "node-10-fuzzer", "timestamp": 1779140040, "property": "P3.1", "method": "monpoly_online"}
{"type": "coordinated_attack", "severity": "CRITICAL", "device_count": 3, "timestamp": 1779140040, "property": "P3.2", "method": "monpoly_online"}
{"type": "escalation_pattern", "severity": "HIGH", "device": "node-12-mixed", "timestamp": 1779140040, "property": "P3.3", "method": "monpoly_online"}
{"type": "persistent_threat", "severity": "HIGH", "device": "node-15-mixed", "timestamp": 1779140047, "property": "P3.4", "method": "monpoly_online"}
{"type": "coordinated_attack", "severity": "CRITICAL", "device_count": 3, "timestamp": 1779140070, "property": "P3.2", "method": "monpoly_online"}
{"type": "persistent_threat", "severity": "HIGH", "device": "node-10-fuzzer", "timestamp": 1779140074, "property": "P3.4", "method": "monpoly_online"}
{"type": "apt_indicator", "severity": "CRITICAL", "device": "node-10-fuzzer", "timestamp": 1779140100, "property": "P3.1", "method": "monpoly_online"}
{"type": "coordinated_attack", "severity": "CRITICAL", "device_count": 3, "timestamp": 1779140100, "property": "P3.2", "method": "monpoly_online"}
{"type": "escalation_pattern", "severity": "HIGH", "device": "node-12-mixed", "timestamp": 1779140100, "property": "P3.3", "method": "monpoly_online"}
{"type": "coordinated_attack", "severity": "CRITICAL", "device_count": 3, "timestamp": 1779140130, "property": "P3.2", "method": "monpoly_online"}
