{"type": "apt_indicator", "severity": "CRITICAL", "device": "node-10-fuzzer", "timestamp": 1779140767, "property": "P3.1", "method": "monpoly_online"}
{"type": "coordinated_attack", "severity": "CRITICAL", "device_count": 3, "timestamp": 1779140780, "property": "P3.2", "method": "monpoly_online"}
{"type": "escalation_pattern", "severity": "HIGH", "device": "node-15-mixed", "timestamp": 1779140780, "property": "P3.3", "method": "monpoly_online"}
{"type": "escalation_pattern", "severity": "HIGH", "device": "node-14-mixed", "timestamp": 1779140780, "property": "P3.3", "method": "monpoly_online"}
{"type": "escalation_pattern", "severity": "HIGH", "device": "node-12-mixed", "timestamp": 1779140785, "property": "P3.3", "method": "monpoly_online"}
{"type": "coordinated_attack", "severity": "CRITICAL", "device_count": 3, "timestamp": 1779140790, "property": "P3.2", "method": "monpoly_online"}
{"type": "persistent_threat", "severity": "HIGH", "device": "node-6-overflow", "timestamp": 1779140809, "property": "P3.4", "method": "monpoly_online"}
{"type": "apt_indicator", "severity": "CRITICAL", "device": "node-10-fuzzer", "timestamp": 1779140820, "property": "P3.1", "method": "monpoly_online"}
{"type": "coordinated_attack", "severity": "CRITICAL", "device_count": 3, "timestamp": 1779140820, "property": "P3.2", "method": "monpoly_online"}
{"type": "escalation_pattern", "severity": "HIGH", "device": "node-12-mixed", "timestamp": 1779140820, "property": "P3.3", "method": "monpoly_online"}
{"type": "apt_indicator", "severity": "CRITICAL", "device": "node-12-mixed", "timestamp": 1779140845, "property": "P3.1", "method": "monpoly_online"}
{"type": "coordinated_attack", "severity": "CRITICAL", "device_count": 3, "timestamp": 1779140850, "property": "P3.2", "method": "monpoly_online"}
{"type": "escalation_pattern", "severity": "HIGH", "device": "node-13-mixed", "timestamp": 1779140865, "property": "P3.3", "method": "monpoly_online"}
{"type": "apt_indicator", "severity": "CRITICAL", "device": "node-10-fuzzer", "timestamp": 1779140880, "property": "P3.1", "method": "monpoly_online"}
{"type": "escalation_pattern", "severity": "HIGH", "device": "node-13-mixed", "timestamp": 1779140880, "property": "P3.3", "method": "monpoly_online"}
{"type": "coordinated_attack", "severity": "CRITICAL", "device_count": 3, "timestamp": 1779140880, "property": "P3.2", "method": "monpoly_online"}
{"type": "coordinated_attack", "severity": "CRITICAL", "device_count": 3, "timestamp": 1779140910, "property": "P3.2", "method": "monpoly_online"}
{"type": "escalation_pattern", "severity": "HIGH", "device": "node-12-mixed", "timestamp": 1779140921, "property": "P3.3", "method": "monpoly_online"}
{"type": "persistent_threat", "severity": "HIGH", "device": "node-13-mixed", "timestamp": 1779140906, "property": "P3.4", "method": "monpoly_online"}
{"type": "apt_indicator", "severity": "CRITICAL", "device": "node-12-mixed", "timestamp": 1779140938, "property": "P3.1", "method": "monpoly_online"}
{"type": "apt_indicator", "severity": "CRITICAL", "device": "node-12-mixed", "timestamp": 1779140940, "property": "P3.1", "method": "monpoly_online"}
{"type": "coordinated_attack", "severity": "CRITICAL", "device_count": 3, "timestamp": 1779140940, "property": "P3.2", "method": "monpoly_online"}
{"type": "escalation_pattern", "severity": "HIGH", "device": "node-12-mixed", "timestamp": 1779140940, "property": "P3.3", "method": "monpoly_online"}
